// Jest Snapshot v1, https://goo.gl/fbAQLP

exports[`Cart checkout() should return an object with the total and the list of items: 
                Object {
                  "items": Array [
                    Object {
                      "product": Object {
                        "price": 35388,
                        "title": "chiclete bubbaloo",
                      },
                      "quantity": 5,
                    },
                    Object {
                      "product": Object {
                        "price": 16200,
                        "title": "Leite condensado",
                      },
                      "quantity": 3,
                    },
                  ],
                  "total": 225540,
                }
             1`] = `
Object {
  "items": Array [
    Object {
      "product": Object {
        "price": 35388,
        "title": "chiclete bubbaloo",
      },
      "quantity": 5,
    },
    Object {
      "product": Object {
        "price": 16200,
        "title": "Leite condensado",
      },
      "quantity": 3,
    },
  ],
  "total": 225540,
}
`;
